// Jest Snapshot v1, https://goo.gl/fbAQLP

exports[`SearchInputForm component input should be work with Immediate options currently 1`] = `
<DocumentFragment>
  <form>
    <fieldset>
      <legend>
        Search Input
      </legend>
      <input
        aria-label="search-input"
        id="search-input"
        placeholder="Search"
        type="search"
      />
    </fieldset>
  </form>
  <form>
    <label
      for="immediate"
    >
      immediate
    </label>
    <input
      data-testid="immediate"
      id="immediate"
      name="mode"
      type="radio"
    />
    <label
      for="withDelay"
    >
      withDelay
    </label>
    <input
      data-testid="withDelay"
      id="withDelay"
      name="mode"
      type="radio"
    />
    <label
      for="onPress"
    >
      onPress
    </label>
    <input
      data-testid="onPress"
      id="onPress"
      name="mode"
      type="radio"
    />
  </form>
  <ul>
    <li>
      word
    </li>
    <li>
      world
    </li>
  </ul>
</DocumentFragment>
`;

exports[`SearchInputForm component input should be work with onPress 1`] = `
<DocumentFragment>
  <form>
    <fieldset>
      <legend>
        Search Input
      </legend>
      <input
        aria-label="search-input"
        id="search-input"
        placeholder="Search"
        type="search"
      />
    </fieldset>
  </form>
  <form>
    <label
      for="immediate"
    >
      immediate
    </label>
    <input
      data-testid="immediate"
      id="immediate"
      name="mode"
      type="radio"
    />
    <label
      for="withDelay"
    >
      withDelay
    </label>
    <input
      data-testid="withDelay"
      id="withDelay"
      name="mode"
      type="radio"
    />
    <label
      for="onPress"
    >
      onPress
    </label>
    <input
      data-testid="onPress"
      id="onPress"
      name="mode"
      type="radio"
    />
  </form>
  <ul>
    <li>
      word
    </li>
    <li>
      world
    </li>
  </ul>
</DocumentFragment>
`;

exports[`SearchInputForm component input should be work with withDelay 1`] = `
<DocumentFragment>
  <form>
    <fieldset>
      <legend>
        Search Input
      </legend>
      <input
        aria-label="search-input"
        id="search-input"
        placeholder="Search"
        type="search"
      />
    </fieldset>
  </form>
  <form>
    <label
      for="immediate"
    >
      immediate
    </label>
    <input
      data-testid="immediate"
      id="immediate"
      name="mode"
      type="radio"
    />
    <label
      for="withDelay"
    >
      withDelay
    </label>
    <input
      data-testid="withDelay"
      id="withDelay"
      name="mode"
      type="radio"
    />
    <label
      for="onPress"
    >
      onPress
    </label>
    <input
      data-testid="onPress"
      id="onPress"
      name="mode"
      type="radio"
    />
  </form>
  <ul>
    <li>
      word
    </li>
    <li>
      world
    </li>
  </ul>
</DocumentFragment>
`;
